[0.014s][info][gc,heap] Heap region size: 1M
[0.019s][info][gc     ] Using G1
[0.019s][info][gc,heap,coops] Heap address: 0x0000000700000000, size: 4096 MB, Compressed Oops mode: Zero based, Oop shift amount: 3
[0.537s][info][gc,start     ] GC(0) Pause Young (Normal) (G1 Evacuation Pause)
[0.537s][info][gc,task      ] GC(0) Using 6 workers of 8 for evacuation
[0.539s][info][gc,phases    ] GC(0)   Pre Evacuate Collection Set: 0.0ms
[0.539s][info][gc,phases    ] GC(0)   Evacuate Collection Set: 1.4ms
[0.539s][info][gc,phases    ] GC(0)   Post Evacuate Collection Set: 0.2ms
[0.539s][info][gc,phases    ] GC(0)   Other: 0.6ms
[0.539s][info][gc,heap      ] GC(0) Eden regions: 24->0(151)
[0.539s][info][gc,heap      ] GC(0) Survivor regions: 0->2(3)
[0.539s][info][gc,heap      ] GC(0) Old regions: 0->0
[0.539s][info][gc,heap      ] GC(0) Humongous regions: 0->0
[0.539s][info][gc,metaspace ] GC(0) Metaspace: 6147K->6147K(1056768K)
[0.539s][info][gc           ] GC(0) Pause Young (Normal) (G1 Evacuation Pause) 24M->1M(256M) 2.362ms
[0.539s][info][gc,cpu       ] GC(0) User=0.01s Sys=0.00s Real=0.00s
[4.212s][info][gc,heap,exit ] Heap
[4.212s][info][gc,heap,exit ]  garbage-first heap   total 262144K, used 81009K [0x0000000700000000, 0x0000000800000000)
[4.212s][info][gc,heap,exit ]   region size 1024K, 81 young (82944K), 2 survivors (2048K)
[4.212s][info][gc,heap,exit ]  Metaspace       used 6172K, capacity 6208K, committed 6528K, reserved 1056768K
[4.212s][info][gc,heap,exit ]   class space    used 522K, capacity 535K, committed 640K, reserved 1048576K
